core_cm4.h:1657:22:__NVIC_SetPriorityGrouping	24	static
stm32f3xx_ll_rcc.h:1082:22:LL_RCC_HSI_Enable	4	static
stm32f3xx_ll_rcc.h:1102:26:LL_RCC_HSI_IsReady	4	static
stm32f3xx_ll_rcc.h:1128:22:LL_RCC_HSI_SetCalibTrimming	16	static
stm32f3xx_ll_rcc.h:1286:22:LL_RCC_SetSysClkSource	16	static
stm32f3xx_ll_rcc.h:1299:26:LL_RCC_GetSysClkSource	4	static
stm32f3xx_ll_rcc.h:1319:22:LL_RCC_SetAHBPrescaler	16	static
stm32f3xx_ll_rcc.h:1335:22:LL_RCC_SetAPB1Prescaler	16	static
stm32f3xx_ll_rcc.h:1351:22:LL_RCC_SetAPB2Prescaler	16	static
stm32f3xx_ll_bus.h:537:22:LL_APB1_GRP1_EnableClock	24	static
stm32f3xx_ll_bus.h:851:22:LL_APB2_GRP1_EnableClock	24	static
stm32f3xx_ll_system.h:1618:22:LL_FLASH_SetLatency	16	static
stm32f3xx_ll_system.h:1631:26:LL_FLASH_GetLatency	4	static
stm32f3xx_ll_gpio.h:879:22:LL_GPIO_SetOutputPin	16	static
stm32f3xx_ll_gpio.h:908:22:LL_GPIO_ResetOutputPin	16	static
main.c:64:5:main	16	static
main.c:123:6:SystemClock_Config	8	static
main.c:159:6:Error_Handler	4	static
